Archive member included because of file (symbol)

d:/programs/atmel studio/atmel/extensions/atmel/avrgcc/3.4.1.95/avrtoolchain/bin/../lib/gcc/avr/4.6.2/avr5\libgcc.a(_udivmodqi4.o)
                              RealTimeClk.o (__udivmodqi4)
d:/programs/atmel studio/atmel/extensions/atmel/avrgcc/3.4.1.95/avrtoolchain/bin/../lib/gcc/avr/4.6.2/avr5\libgcc.a(_udivmodhi4.o)
                              LCD_program.o (__udivmodhi4)
d:/programs/atmel studio/atmel/extensions/atmel/avrgcc/3.4.1.95/avrtoolchain/bin/../lib/gcc/avr/4.6.2/avr5\libgcc.a(_exit.o)
                              d:/programs/atmel studio/atmel/extensions/atmel/avrgcc/3.4.1.95/avrtoolchain/bin/../lib/gcc/avr/4.6.2/../../../../avr/lib/avr5/crtm32.o (exit)
d:/programs/atmel studio/atmel/extensions/atmel/avrgcc/3.4.1.95/avrtoolchain/bin/../lib/gcc/avr/4.6.2/avr5\libgcc.a(_copy_data.o)
                              DIO_program.o (__do_copy_data)
d:/programs/atmel studio/atmel/extensions/atmel/avrgcc/3.4.1.95/avrtoolchain/bin/../lib/gcc/avr/4.6.2/avr5\libgcc.a(_clear_bss.o)
                              DIO_program.o (__do_clear_bss)

Memory Configuration

Name             Origin             Length             Attributes
text             0x00000000         0x00020000         xr
data             0x00800060         0x0000ffa0         rw !x
eeprom           0x00810000         0x00010000         rw !x
fuse             0x00820000         0x00000400         rw !x
lock             0x00830000         0x00000400         rw !x
signature        0x00840000         0x00000400         rw !x
*default*        0x00000000         0xffffffff

Linker script and memory map

LOAD d:/programs/atmel studio/atmel/extensions/atmel/avrgcc/3.4.1.95/avrtoolchain/bin/../lib/gcc/avr/4.6.2/../../../../avr/lib/avr5/crtm32.o
LOAD DIO_program.o
LOAD GIE_program.o
LOAD KYP_program.o
LOAD LCD_program.o
LOAD LED_program.o
LOAD RealTimeClk.o
LOAD SEVSEG_program.o
LOAD TMR0_program.o
LOAD TMR2_program.o
START GROUP
LOAD d:/programs/atmel studio/atmel/extensions/atmel/avrgcc/3.4.1.95/avrtoolchain/bin/../lib/gcc/avr/4.6.2/../../../../avr/lib/avr5\libm.a
END GROUP
LOAD d:/programs/atmel studio/atmel/extensions/atmel/avrgcc/3.4.1.95/avrtoolchain/bin/../lib/gcc/avr/4.6.2/avr5\libgcc.a
LOAD d:/programs/atmel studio/atmel/extensions/atmel/avrgcc/3.4.1.95/avrtoolchain/bin/../lib/gcc/avr/4.6.2/../../../../avr/lib/avr5\libc.a
LOAD d:/programs/atmel studio/atmel/extensions/atmel/avrgcc/3.4.1.95/avrtoolchain/bin/../lib/gcc/avr/4.6.2/avr5\libgcc.a

.hash
 *(.hash)

.dynsym
 *(.dynsym)

.dynstr
 *(.dynstr)

.gnu.version
 *(.gnu.version)

.gnu.version_d
 *(.gnu.version_d)

.gnu.version_r
 *(.gnu.version_r)

.rel.init
 *(.rel.init)

.rela.init
 *(.rela.init)

.rel.text
 *(.rel.text)
 *(.rel.text.*)
 *(.rel.gnu.linkonce.t*)

.rela.text
 *(.rela.text)
 *(.rela.text.*)
 *(.rela.gnu.linkonce.t*)

.rel.fini
 *(.rel.fini)

.rela.fini
 *(.rela.fini)

.rel.rodata
 *(.rel.rodata)
 *(.rel.rodata.*)
 *(.rel.gnu.linkonce.r*)

.rela.rodata
 *(.rela.rodata)
 *(.rela.rodata.*)
 *(.rela.gnu.linkonce.r*)

.rel.data
 *(.rel.data)
 *(.rel.data.*)
 *(.rel.gnu.linkonce.d*)

.rela.data
 *(.rela.data)
 *(.rela.data.*)
 *(.rela.gnu.linkonce.d*)

.rel.ctors
 *(.rel.ctors)

.rela.ctors
 *(.rela.ctors)

.rel.dtors
 *(.rel.dtors)

.rela.dtors
 *(.rela.dtors)

.rel.got
 *(.rel.got)

.rela.got
 *(.rela.got)

.rel.bss
 *(.rel.bss)

.rela.bss
 *(.rela.bss)

.rel.plt
 *(.rel.plt)

.rela.plt
 *(.rela.plt)

.text           0x00000000     0x13e8
 *(.vectors)
 .vectors       0x00000000       0x54 d:/programs/atmel studio/atmel/extensions/atmel/avrgcc/3.4.1.95/avrtoolchain/bin/../lib/gcc/avr/4.6.2/../../../../avr/lib/avr5/crtm32.o
                0x00000000                __vector_default
                0x00000000                __vectors
 *(.vectors)
 *(.progmem.gcc*)
 *(.progmem*)
                0x00000054                . = ALIGN (0x2)
                0x00000054                __trampolines_start = .
 *(.trampolines)
 .trampolines   0x00000054        0x0 linker stubs
 *(.trampolines*)
                0x00000054                __trampolines_end = .
 *(.jumptables)
 *(.jumptables*)
 *(.lowtext)
 *(.lowtext*)
                0x00000054                __ctors_start = .
 *(.ctors)
                0x00000054                __ctors_end = .
                0x00000054                __dtors_start = .
 *(.dtors)
                0x00000054                __dtors_end = .
 SORT(*)(.ctors)
 SORT(*)(.dtors)
 *(.init0)
 .init0         0x00000054        0x0 d:/programs/atmel studio/atmel/extensions/atmel/avrgcc/3.4.1.95/avrtoolchain/bin/../lib/gcc/avr/4.6.2/../../../../avr/lib/avr5/crtm32.o
                0x00000054                __init
 *(.init0)
 *(.init1)
 *(.init1)
 *(.init2)
 .init2         0x00000054        0xc d:/programs/atmel studio/atmel/extensions/atmel/avrgcc/3.4.1.95/avrtoolchain/bin/../lib/gcc/avr/4.6.2/../../../../avr/lib/avr5/crtm32.o
 *(.init2)
 *(.init3)
 *(.init3)
 *(.init4)
 .init4         0x00000060       0x16 d:/programs/atmel studio/atmel/extensions/atmel/avrgcc/3.4.1.95/avrtoolchain/bin/../lib/gcc/avr/4.6.2/avr5\libgcc.a(_copy_data.o)
                0x00000060                __do_copy_data
 .init4         0x00000076       0x10 d:/programs/atmel studio/atmel/extensions/atmel/avrgcc/3.4.1.95/avrtoolchain/bin/../lib/gcc/avr/4.6.2/avr5\libgcc.a(_clear_bss.o)
                0x00000076                __do_clear_bss
 *(.init4)
 *(.init5)
 *(.init5)
 *(.init6)
 *(.init6)
 *(.init7)
 *(.init7)
 *(.init8)
 *(.init8)
 *(.init9)
 .init9         0x00000086        0x8 d:/programs/atmel studio/atmel/extensions/atmel/avrgcc/3.4.1.95/avrtoolchain/bin/../lib/gcc/avr/4.6.2/../../../../avr/lib/avr5/crtm32.o
 *(.init9)
 *(.text)
 .text          0x0000008e        0x4 d:/programs/atmel studio/atmel/extensions/atmel/avrgcc/3.4.1.95/avrtoolchain/bin/../lib/gcc/avr/4.6.2/../../../../avr/lib/avr5/crtm32.o
                0x0000008e                __vector_1
                0x0000008e                __vector_12
                0x0000008e                __bad_interrupt
                0x0000008e                __vector_6
                0x0000008e                __vector_3
                0x0000008e                __vector_13
                0x0000008e                __vector_17
                0x0000008e                __vector_19
                0x0000008e                __vector_7
                0x0000008e                __vector_9
                0x0000008e                __vector_2
                0x0000008e                __vector_15
                0x0000008e                __vector_8
                0x0000008e                __vector_14
                0x0000008e                __vector_16
                0x0000008e                __vector_18
                0x0000008e                __vector_20
 .text          0x00000092      0x592 DIO_program.o
                0x00000092                DIO_vSetPinDir
                0x000001b4                DIO_vWritePin
                0x000002d6                DIO_vTogglePin
                0x00000370                DIO_u8ReadPin
                0x000003f8                DIO_vSetPortDir
                0x00000436                DIO_vWritePort
                0x00000474                DIO_vTogglePort
                0x000004c2                DIO_u8ReadPort
                0x00000502                DIO_vConnectPullUp
 .text          0x00000624       0x10 GIE_program.o
                0x00000624                GIE_EnableInterrupt
                0x0000062c                GIE_DisableInterrupt
 .text          0x00000634       0xf6 KYP_program.o
                0x00000634                KYP_vInit
                0x0000068e                KYP_u8CheckPress
 .text          0x0000072a      0x328 LCD_program.o
                0x00000758                LCD_vSendCmd
                0x000007fe                LCD_vInit
                0x000008bc                LCD_vSendData
                0x00000962                LCD_vClearScreen
                0x0000096a                LCD_vMoveCursor
                0x000009a4                LCD_vSendString
                0x000009c2                LCD_vSendNumber
 .text          0x00000a52       0x24 LED_program.o
                0x00000a52                LED_vInit
                0x00000a5a                LED_vSwitchON
                0x00000a62                LED_vSwitchOFF
                0x00000a6a                LED_vToggle
                0x00000a70                LED_vReadStatus
 .text          0x00000a76      0x712 RealTimeClk.o
                0x00000a76                TMR0_ISR
                0x00000aa0                TMR2_ISR
                0x00000ad0                main
 .text          0x00001188       0x6c SEVSEG_program.o
                0x00001188                SEVSEG_vInit
                0x00001190                SEVSEG_vWrite
                0x000011d4                SEVSEG_vEnableInit
                0x000011dc                SEVSEG_vEnableControl
 .text          0x000011f4       0xda TMR0_program.o
                0x000011f4                TMR0_OVF_SetCallBack
                0x000011fe                TMR0_COMP_SetCallBack
                0x00001208                TMR0_vInit
                0x0000122a                __vector_10
                0x0000127c                __vector_11
 .text          0x000012ce       0xd6 TMR2_program.o
                0x000012ce                TMR2_OVF_SetCallBack
                0x000012d8                TMR2_COMP_SetCallBack
                0x000012e2                TMR2_vInit
                0x00001300                __vector_4
                0x00001352                __vector_5
 .text          0x000013a4        0x0 d:/programs/atmel studio/atmel/extensions/atmel/avrgcc/3.4.1.95/avrtoolchain/bin/../lib/gcc/avr/4.6.2/avr5\libgcc.a(_udivmodqi4.o)
 .text          0x000013a4        0x0 d:/programs/atmel studio/atmel/extensions/atmel/avrgcc/3.4.1.95/avrtoolchain/bin/../lib/gcc/avr/4.6.2/avr5\libgcc.a(_udivmodhi4.o)
 .text          0x000013a4        0x0 d:/programs/atmel studio/atmel/extensions/atmel/avrgcc/3.4.1.95/avrtoolchain/bin/../lib/gcc/avr/4.6.2/avr5\libgcc.a(_exit.o)
 .text          0x000013a4        0x0 d:/programs/atmel studio/atmel/extensions/atmel/avrgcc/3.4.1.95/avrtoolchain/bin/../lib/gcc/avr/4.6.2/avr5\libgcc.a(_copy_data.o)
 .text          0x000013a4        0x0 d:/programs/atmel studio/atmel/extensions/atmel/avrgcc/3.4.1.95/avrtoolchain/bin/../lib/gcc/avr/4.6.2/avr5\libgcc.a(_clear_bss.o)
                0x000013a4                . = ALIGN (0x2)
 *(.text.*)
 .text.libgcc   0x000013a4       0x18 d:/programs/atmel studio/atmel/extensions/atmel/avrgcc/3.4.1.95/avrtoolchain/bin/../lib/gcc/avr/4.6.2/avr5\libgcc.a(_udivmodqi4.o)
                0x000013a4                __udivmodqi4
 .text.libgcc   0x000013bc       0x28 d:/programs/atmel studio/atmel/extensions/atmel/avrgcc/3.4.1.95/avrtoolchain/bin/../lib/gcc/avr/4.6.2/avr5\libgcc.a(_udivmodhi4.o)
                0x000013bc                __udivmodhi4
 .text.libgcc   0x000013e4        0x0 d:/programs/atmel studio/atmel/extensions/atmel/avrgcc/3.4.1.95/avrtoolchain/bin/../lib/gcc/avr/4.6.2/avr5\libgcc.a(_exit.o)
 .text.libgcc   0x000013e4        0x0 d:/programs/atmel studio/atmel/extensions/atmel/avrgcc/3.4.1.95/avrtoolchain/bin/../lib/gcc/avr/4.6.2/avr5\libgcc.a(_copy_data.o)
 .text.libgcc   0x000013e4        0x0 d:/programs/atmel studio/atmel/extensions/atmel/avrgcc/3.4.1.95/avrtoolchain/bin/../lib/gcc/avr/4.6.2/avr5\libgcc.a(_clear_bss.o)
                0x000013e4                . = ALIGN (0x2)
 *(.fini9)
 .fini9         0x000013e4        0x0 d:/programs/atmel studio/atmel/extensions/atmel/avrgcc/3.4.1.95/avrtoolchain/bin/../lib/gcc/avr/4.6.2/avr5\libgcc.a(_exit.o)
                0x000013e4                _exit
                0x000013e4                exit
 *(.fini9)
 *(.fini8)
 *(.fini8)
 *(.fini7)
 *(.fini7)
 *(.fini6)
 *(.fini6)
 *(.fini5)
 *(.fini5)
 *(.fini4)
 *(.fini4)
 *(.fini3)
 *(.fini3)
 *(.fini2)
 *(.fini2)
 *(.fini1)
 *(.fini1)
 *(.fini0)
 .fini0         0x000013e4        0x4 d:/programs/atmel studio/atmel/extensions/atmel/avrgcc/3.4.1.95/avrtoolchain/bin/../lib/gcc/avr/4.6.2/avr5\libgcc.a(_exit.o)
 *(.fini0)
                0x000013e8                _etext = .

.data           0x00800060       0xb6 load address 0x000013e8
                0x00800060                PROVIDE (__data_start, .)
 *(.data)
 .data          0x00800060        0x0 d:/programs/atmel studio/atmel/extensions/atmel/avrgcc/3.4.1.95/avrtoolchain/bin/../lib/gcc/avr/4.6.2/../../../../avr/lib/avr5/crtm32.o
 .data          0x00800060        0x0 DIO_program.o
 .data          0x00800060        0x0 GIE_program.o
 .data          0x00800060       0x10 KYP_program.o
 .data          0x00800070        0x0 LCD_program.o
 .data          0x00800070        0x0 LED_program.o
 .data          0x00800070       0x9c RealTimeClk.o
 .data          0x0080010c        0xa SEVSEG_program.o
 .data          0x00800116        0x0 TMR0_program.o
 .data          0x00800116        0x0 TMR2_program.o
 .data          0x00800116        0x0 d:/programs/atmel studio/atmel/extensions/atmel/avrgcc/3.4.1.95/avrtoolchain/bin/../lib/gcc/avr/4.6.2/avr5\libgcc.a(_udivmodqi4.o)
 .data          0x00800116        0x0 d:/programs/atmel studio/atmel/extensions/atmel/avrgcc/3.4.1.95/avrtoolchain/bin/../lib/gcc/avr/4.6.2/avr5\libgcc.a(_udivmodhi4.o)
 .data          0x00800116        0x0 d:/programs/atmel studio/atmel/extensions/atmel/avrgcc/3.4.1.95/avrtoolchain/bin/../lib/gcc/avr/4.6.2/avr5\libgcc.a(_exit.o)
 .data          0x00800116        0x0 d:/programs/atmel studio/atmel/extensions/atmel/avrgcc/3.4.1.95/avrtoolchain/bin/../lib/gcc/avr/4.6.2/avr5\libgcc.a(_copy_data.o)
 .data          0x00800116        0x0 d:/programs/atmel studio/atmel/extensions/atmel/avrgcc/3.4.1.95/avrtoolchain/bin/../lib/gcc/avr/4.6.2/avr5\libgcc.a(_clear_bss.o)
 *(.data*)
 *(.rodata)
 *(.rodata*)
 *(.gnu.linkonce.d*)
                0x00800116                . = ALIGN (0x2)
                0x00800116                _edata = .
                0x00800116                PROVIDE (__data_end, .)

.bss            0x00800116        0xe
                0x00800116                PROVIDE (__bss_start, .)
 *(.bss)
 .bss           0x00800116        0x0 d:/programs/atmel studio/atmel/extensions/atmel/avrgcc/3.4.1.95/avrtoolchain/bin/../lib/gcc/avr/4.6.2/../../../../avr/lib/avr5/crtm32.o
 .bss           0x00800116        0x0 DIO_program.o
 .bss           0x00800116        0x0 GIE_program.o
 .bss           0x00800116        0x0 KYP_program.o
 .bss           0x00800116        0x0 LCD_program.o
 .bss           0x00800116        0x0 LED_program.o
 .bss           0x00800116        0x6 RealTimeClk.o
                0x00800116                user_mode
                0x00800117                TMR_hours
                0x00800118                TMR_minutes
                0x00800119                TMR_seconds
                0x0080011a                TMR0_counter
 .bss           0x0080011c        0x0 SEVSEG_program.o
 .bss           0x0080011c        0x4 TMR0_program.o
                0x0080011c                GP_TMR0_COMP
                0x0080011e                GP_TMR0_OVF
 .bss           0x00800120        0x4 TMR2_program.o
                0x00800120                GP_TMR2_COMP
                0x00800122                GP_TMR2_OVF
 .bss           0x00800124        0x0 d:/programs/atmel studio/atmel/extensions/atmel/avrgcc/3.4.1.95/avrtoolchain/bin/../lib/gcc/avr/4.6.2/avr5\libgcc.a(_udivmodqi4.o)
 .bss           0x00800124        0x0 d:/programs/atmel studio/atmel/extensions/atmel/avrgcc/3.4.1.95/avrtoolchain/bin/../lib/gcc/avr/4.6.2/avr5\libgcc.a(_udivmodhi4.o)
 .bss           0x00800124        0x0 d:/programs/atmel studio/atmel/extensions/atmel/avrgcc/3.4.1.95/avrtoolchain/bin/../lib/gcc/avr/4.6.2/avr5\libgcc.a(_exit.o)
 .bss           0x00800124        0x0 d:/programs/atmel studio/atmel/extensions/atmel/avrgcc/3.4.1.95/avrtoolchain/bin/../lib/gcc/avr/4.6.2/avr5\libgcc.a(_copy_data.o)
 .bss           0x00800124        0x0 d:/programs/atmel studio/atmel/extensions/atmel/avrgcc/3.4.1.95/avrtoolchain/bin/../lib/gcc/avr/4.6.2/avr5\libgcc.a(_clear_bss.o)
 *(.bss*)
 *(COMMON)
                0x00800124                PROVIDE (__bss_end, .)
                0x000013e8                __data_load_start = LOADADDR (.data)
                0x0000149e                __data_load_end = (__data_load_start + SIZEOF (.data))

.noinit         0x00800124        0x0
                0x00800124                PROVIDE (__noinit_start, .)
 *(.noinit*)
                0x00800124                PROVIDE (__noinit_end, .)
                0x00800124                _end = .
                0x00800124                PROVIDE (__heap_start, .)

.eeprom         0x00810000        0x0
 *(.eeprom*)
                0x00810000                __eeprom_end = .

.fuse
 *(.fuse)
 *(.lfuse)
 *(.hfuse)
 *(.efuse)

.lock
 *(.lock*)

.signature
 *(.signature*)

.stab           0x00000000      0x6cc
 *(.stab)
 .stab          0x00000000      0x6cc d:/programs/atmel studio/atmel/extensions/atmel/avrgcc/3.4.1.95/avrtoolchain/bin/../lib/gcc/avr/4.6.2/../../../../avr/lib/avr5/crtm32.o

.stabstr        0x00000000       0x85
 *(.stabstr)
 .stabstr       0x00000000       0x85 d:/programs/atmel studio/atmel/extensions/atmel/avrgcc/3.4.1.95/avrtoolchain/bin/../lib/gcc/avr/4.6.2/../../../../avr/lib/avr5/crtm32.o

.stab.excl
 *(.stab.excl)

.stab.exclstr
 *(.stab.exclstr)

.stab.index
 *(.stab.index)

.stab.indexstr
 *(.stab.indexstr)

.comment
 *(.comment)

.debug
 *(.debug)

.line
 *(.line)

.debug_srcinfo
 *(.debug_srcinfo)

.debug_sfnames
 *(.debug_sfnames)

.debug_aranges  0x00000000      0x1c0
 *(.debug_aranges)
 .debug_aranges
                0x00000000       0x20 DIO_program.o
 .debug_aranges
                0x00000020       0x20 GIE_program.o
 .debug_aranges
                0x00000040       0x20 KYP_program.o
 .debug_aranges
                0x00000060       0x20 LCD_program.o
 .debug_aranges
                0x00000080       0x20 LED_program.o
 .debug_aranges
                0x000000a0       0x20 RealTimeClk.o
 .debug_aranges
                0x000000c0       0x20 SEVSEG_program.o
 .debug_aranges
                0x000000e0       0x20 TMR0_program.o
 .debug_aranges
                0x00000100       0x20 TMR2_program.o
 .debug_aranges
                0x00000120       0x20 d:/programs/atmel studio/atmel/extensions/atmel/avrgcc/3.4.1.95/avrtoolchain/bin/../lib/gcc/avr/4.6.2/avr5\libgcc.a(_udivmodqi4.o)
 .debug_aranges
                0x00000140       0x20 d:/programs/atmel studio/atmel/extensions/atmel/avrgcc/3.4.1.95/avrtoolchain/bin/../lib/gcc/avr/4.6.2/avr5\libgcc.a(_udivmodhi4.o)
 .debug_aranges
                0x00000160       0x20 d:/programs/atmel studio/atmel/extensions/atmel/avrgcc/3.4.1.95/avrtoolchain/bin/../lib/gcc/avr/4.6.2/avr5\libgcc.a(_exit.o)
 .debug_aranges
                0x00000180       0x20 d:/programs/atmel studio/atmel/extensions/atmel/avrgcc/3.4.1.95/avrtoolchain/bin/../lib/gcc/avr/4.6.2/avr5\libgcc.a(_copy_data.o)
 .debug_aranges
                0x000001a0       0x20 d:/programs/atmel studio/atmel/extensions/atmel/avrgcc/3.4.1.95/avrtoolchain/bin/../lib/gcc/avr/4.6.2/avr5\libgcc.a(_clear_bss.o)

.debug_pubnames
 *(.debug_pubnames)

.debug_info     0x00000000     0x18ee
 *(.debug_info)
 .debug_info    0x00000000      0x29d DIO_program.o
 .debug_info    0x0000029d       0xa1 GIE_program.o
 .debug_info    0x0000033e      0x111 KYP_program.o
 .debug_info    0x0000044f      0x449 LCD_program.o
 .debug_info    0x00000898      0x18f LED_program.o
 .debug_info    0x00000a27      0x65a RealTimeClk.o
 .debug_info    0x00001081      0x178 SEVSEG_program.o
 .debug_info    0x000011f9      0x152 TMR0_program.o
 .debug_info    0x0000134b      0x152 TMR2_program.o
 .debug_info    0x0000149d       0xdd d:/programs/atmel studio/atmel/extensions/atmel/avrgcc/3.4.1.95/avrtoolchain/bin/../lib/gcc/avr/4.6.2/avr5\libgcc.a(_udivmodqi4.o)
 .debug_info    0x0000157a       0xdd d:/programs/atmel studio/atmel/extensions/atmel/avrgcc/3.4.1.95/avrtoolchain/bin/../lib/gcc/avr/4.6.2/avr5\libgcc.a(_udivmodhi4.o)
 .debug_info    0x00001657       0xdd d:/programs/atmel studio/atmel/extensions/atmel/avrgcc/3.4.1.95/avrtoolchain/bin/../lib/gcc/avr/4.6.2/avr5\libgcc.a(_exit.o)
 .debug_info    0x00001734       0xdd d:/programs/atmel studio/atmel/extensions/atmel/avrgcc/3.4.1.95/avrtoolchain/bin/../lib/gcc/avr/4.6.2/avr5\libgcc.a(_copy_data.o)
 .debug_info    0x00001811       0xdd d:/programs/atmel studio/atmel/extensions/atmel/avrgcc/3.4.1.95/avrtoolchain/bin/../lib/gcc/avr/4.6.2/avr5\libgcc.a(_clear_bss.o)
 *(.gnu.linkonce.wi.*)

.debug_abbrev   0x00000000      0x71c
 *(.debug_abbrev)
 .debug_abbrev  0x00000000       0xd5 DIO_program.o
 .debug_abbrev  0x000000d5       0x41 GIE_program.o
 .debug_abbrev  0x00000116       0x8a KYP_program.o
 .debug_abbrev  0x000001a0      0x17b LCD_program.o
 .debug_abbrev  0x0000031b       0x69 LED_program.o
 .debug_abbrev  0x00000384      0x13d RealTimeClk.o
 .debug_abbrev  0x000004c1       0x9f SEVSEG_program.o
 .debug_abbrev  0x00000560       0xac TMR0_program.o
 .debug_abbrev  0x0000060c       0xac TMR2_program.o
 .debug_abbrev  0x000006b8       0x14 d:/programs/atmel studio/atmel/extensions/atmel/avrgcc/3.4.1.95/avrtoolchain/bin/../lib/gcc/avr/4.6.2/avr5\libgcc.a(_udivmodqi4.o)
 .debug_abbrev  0x000006cc       0x14 d:/programs/atmel studio/atmel/extensions/atmel/avrgcc/3.4.1.95/avrtoolchain/bin/../lib/gcc/avr/4.6.2/avr5\libgcc.a(_udivmodhi4.o)
 .debug_abbrev  0x000006e0       0x14 d:/programs/atmel studio/atmel/extensions/atmel/avrgcc/3.4.1.95/avrtoolchain/bin/../lib/gcc/avr/4.6.2/avr5\libgcc.a(_exit.o)
 .debug_abbrev  0x000006f4       0x14 d:/programs/atmel studio/atmel/extensions/atmel/avrgcc/3.4.1.95/avrtoolchain/bin/../lib/gcc/avr/4.6.2/avr5\libgcc.a(_copy_data.o)
 .debug_abbrev  0x00000708       0x14 d:/programs/atmel studio/atmel/extensions/atmel/avrgcc/3.4.1.95/avrtoolchain/bin/../lib/gcc/avr/4.6.2/avr5\libgcc.a(_clear_bss.o)

.debug_line     0x00000000      0xb3a
 *(.debug_line)
 .debug_line    0x00000000       0xb8 DIO_program.o
 .debug_line    0x000000b8       0x51 GIE_program.o
 .debug_line    0x00000109       0x6b KYP_program.o
 .debug_line    0x00000174      0x221 LCD_program.o
 .debug_line    0x00000395       0x5a LED_program.o
 .debug_line    0x000003ef      0x351 RealTimeClk.o
 .debug_line    0x00000740       0x5d SEVSEG_program.o
 .debug_line    0x0000079d       0x66 TMR0_program.o
 .debug_line    0x00000803       0x64 TMR2_program.o
 .debug_line    0x00000867       0x92 d:/programs/atmel studio/atmel/extensions/atmel/avrgcc/3.4.1.95/avrtoolchain/bin/../lib/gcc/avr/4.6.2/avr5\libgcc.a(_udivmodqi4.o)
 .debug_line    0x000008f9       0x9a d:/programs/atmel studio/atmel/extensions/atmel/avrgcc/3.4.1.95/avrtoolchain/bin/../lib/gcc/avr/4.6.2/avr5\libgcc.a(_udivmodhi4.o)
 .debug_line    0x00000993       0x88 d:/programs/atmel studio/atmel/extensions/atmel/avrgcc/3.4.1.95/avrtoolchain/bin/../lib/gcc/avr/4.6.2/avr5\libgcc.a(_exit.o)
 .debug_line    0x00000a1b       0x91 d:/programs/atmel studio/atmel/extensions/atmel/avrgcc/3.4.1.95/avrtoolchain/bin/../lib/gcc/avr/4.6.2/avr5\libgcc.a(_copy_data.o)
 .debug_line    0x00000aac       0x8e d:/programs/atmel studio/atmel/extensions/atmel/avrgcc/3.4.1.95/avrtoolchain/bin/../lib/gcc/avr/4.6.2/avr5\libgcc.a(_clear_bss.o)

.debug_frame    0x00000000      0x4dc
 *(.debug_frame)
 .debug_frame   0x00000000       0xa4 DIO_program.o
 .debug_frame   0x000000a4       0x34 GIE_program.o
 .debug_frame   0x000000d8       0x4c KYP_program.o
 .debug_frame   0x00000124       0xc4 LCD_program.o
 .debug_frame   0x000001e8       0x64 LED_program.o
 .debug_frame   0x0000024c       0x44 RealTimeClk.o
 .debug_frame   0x00000290       0x64 SEVSEG_program.o
 .debug_frame   0x000002f4       0xf4 TMR0_program.o
 .debug_frame   0x000003e8       0xf4 TMR2_program.o

.debug_str      0x00000000      0x5ae
 *(.debug_str)
 .debug_str     0x00000000      0x1ab DIO_program.o
                                0x1d2 (size before relaxing)
 .debug_str     0x000001ab       0x3c GIE_program.o
                                0x121 (size before relaxing)
 .debug_str     0x000001e7       0x61 KYP_program.o
                                0x153 (size before relaxing)
 .debug_str     0x00000248      0x137 LCD_program.o
                                0x229 (size before relaxing)
 .debug_str     0x0000037f       0x56 LED_program.o
                                0x152 (size before relaxing)
 .debug_str     0x000003d5       0x6f RealTimeClk.o
                                0x1bd (size before relaxing)
 .debug_str     0x00000444       0x76 SEVSEG_program.o
                                0x18c (size before relaxing)
 .debug_str     0x000004ba       0x7b TMR0_program.o
                                0x160 (size before relaxing)
 .debug_str     0x00000535       0x79 TMR2_program.o
                                0x15e (size before relaxing)

.debug_loc      0x00000000     0x11c0
 *(.debug_loc)
 .debug_loc     0x00000000      0x4ab DIO_program.o
 .debug_loc     0x000004ab      0x130 KYP_program.o
 .debug_loc     0x000005db      0x1c5 LCD_program.o
 .debug_loc     0x000007a0       0xbe LED_program.o
 .debug_loc     0x0000085e      0x542 RealTimeClk.o
 .debug_loc     0x00000da0       0xf4 SEVSEG_program.o
 .debug_loc     0x00000e94      0x196 TMR0_program.o
 .debug_loc     0x0000102a      0x196 TMR2_program.o

.debug_macinfo
 *(.debug_macinfo)
OUTPUT(RealTimeClk.elf elf32-avr)
LOAD linker stubs
